// Jest Snapshot v1, https://goo.gl/fbAQLP

exports[`<PostCard /> should render 1`] = `
.c3 {
  color: #000000;
  font-size: 2.4rem;
  text-transform: none;
}

.c0 .c2 {
  margin: 0;
  margin-top: calc(1.6rem - 0.6rem);
  margin-bottom: 1.6rem;
}

.c0 a {
  -webkit-text-decoration: none;
  text-decoration: none;
  color: inherit;
  -webkit-transition: opacity 300ms ease-in-out;
  transition: opacity 300ms ease-in-out;
}

.c0:hover a {
  color: #dc143c;
}

.c0:hover img {
  opacity: 0.8;
}

.c1 {
  max-width: 100%;
  width: 100%;
  -webkit-transition: opacity 300ms ease-in-out;
  transition: opacity 300ms ease-in-out;
}

<div>
  <div
    class="c0"
  >
    <a
      href="/post/um-por-do-sol"
    >
      <img
        alt="Um por do sol"
        class="c1"
        src="https://res.cloudinary.com/dgakoaijx/image/upload/v1625254795/9f660f6d0d09d80f6cc039d275567deb_e51239b4d0.png"
      />
    </a>
    <h2
      class="c2 c3"
    >
      <a>
         
        Um por do sol
         
      </a>
    </h2>
    <p
      class=""
    >
      Tudo é bonito quando é de longe fica melhor ainda
    </p>
  </div>
</div>
`;
