// Jest Snapshot v1, https://goo.gl/fbAQLP

exports[`<PostGrid /> should match snapshot 1`] = `
.c5 {
  color: #000000;
  font-size: 2.4rem;
  text-transform: none;
}

.c2 .c4 {
  margin: 0;
  margin-top: calc(1.6rem - 0.6rem);
  margin-bottom: 1.6rem;
}

.c2 a {
  -webkit-text-decoration: none;
  text-decoration: none;
  color: inherit;
  -webkit-transition: opacity 300ms ease-in-out;
  transition: opacity 300ms ease-in-out;
}

.c2:hover a {
  color: #dc143c;
}

.c2:hover img {
  opacity: 0.8;
}

.c3 {
  max-width: 100%;
  width: 100%;
  -webkit-transition: opacity 300ms ease-in-out;
  transition: opacity 300ms ease-in-out;
}

.c0 {
  width: 100%;
}

.c1 {
  max-width: 120rem;
  margin: 0 auto;
  display: grid;
  grid-template-columns: repeat(auto-fill,minmax(28rem,1fr));
  gap: 3.2rem;
  padding: 3.2rem;
}

@media (max-width:360px) {
  .c1 {
    grid-template-columns: 1fr;
  }
}

<div>
  <div
    class="c0"
  >
    <div
      class="c1"
    >
      <div
        class="c2"
      >
        <a
          href="/post/um-por-do-sol"
        >
          <img
            alt="Um por do sol"
            class="c3"
            src="https://res.cloudinary.com/dgakoaijx/image/upload/v1625254795/9f660f6d0d09d80f6cc039d275567deb_e51239b4d0.png"
          />
        </a>
        <h2
          class="c4 c5"
        >
          <a>
             
            Um por do sol
             
          </a>
        </h2>
        <p
          class=""
        >
          Tudo é bonito quando é de longe fica melhor ainda
        </p>
      </div>
      <div
        class="c2"
      >
        <a
          href="/post/um-post-qualuqer"
        >
          <img
            alt="Um Post Qualuqer"
            class="c3"
            src="https://res.cloudinary.com/dgakoaijx/image/upload/v1624970739/test_d9ebc9f308.jpg"
          />
        </a>
        <h2
          class="c4 c5"
        >
          <a>
             
            Um Post Qualuqer
             
          </a>
        </h2>
        <p
          class=""
        >
          Seria tudo de bom se não fosse tudo de ruim a confusão que seria sendo o que não seria e deixa tudo complicado como seria.
        </p>
      </div>
    </div>
  </div>
</div>
`;
