// Jest Snapshot v1, https://goo.gl/fbAQLP

exports[`<Post /> should render header, excerpt, cover, metadata and post 1`] = `
.c6 {
  font-size: 1.6rem;
  color: #AAAAAA;
  font-style: italic;
}

.c6 .categories span::after {
  content: ', ';
}

.c6 .categories span:last-child::after {
  content: '';
}

.c6 a {
  color: #dc143c;
  -webkit-text-decoration: none;
  text-decoration: none;
  -webkit-transition: all 300ms ease-in-out;
  transition: all 300ms ease-in-out;
}

.c6 a:hover {
  -webkit-filter: brightness(50%);
  filter: brightness(50%);
}

.c3 {
  color: #000000;
  font-size: 4.0rem;
  text-transform: none;
}

.c1 {
  padding-bottom: 4.0rem;
  margin-bottom: 4.0rem;
  border-bottom: 0.1rem solid #DDDDDD;
}

.c1 .c2 {
  margin: 0;
  margin-bottom: 2.4rem;
}

.c4 {
  margin: 2.4rem 0;
  font-size: 2.4rem;
}

.c5 {
  max-width: 100%;
  width: 100%;
  display: block;
  margin-bottom: 2.4rem;
}

.c8 {
  font-size: calc(1.6rem + 0.2rem);
  line-height: 1.5;
}

.c8 p {
  margin: 2.4rem 0;
}

.c8 a,
.c8 a:visited,
.c8 a:link {
  color: #dc143c;
  -webkit-text-decoration: none;
  text-decoration: none;
  -webkit-transition: all 300ms ease-in-out;
  transition: all 300ms ease-in-out;
}

.c8 a:hover {
  -webkit-filter: brightness(50%);
  filter: brightness(50%);
}

.c8 code {
  font-family: monospace;
  color: #dc143c;
  font-size: 1.6rem;
  background: #DDDDDD;
  padding: 0.2rem;
  margin: 0.2rem;
}

.c8 pre {
  background: #000000;
  padding: 2.4rem;
  font-family: monospace;
  color: #FFFFFF;
  margin: 2.4rem 0;
  width: 100%;
  overflow-x: auto;
  font-size: 1.6rem;
}

.c8 pre code {
  color: inherit;
  background: inherit;
}

.c8 img {
  max-width: 100%;
}

.c8 .image {
  background: #DDDDDD;
  line-height: 0;
  margin: 2.4rem 0;
}

.c8 .image figcaption {
  font-size: 1.6rem;
  padding: 1.6rem;
  text-align: center;
  line-height: 1.3;
}

.c8 .image-style-side {
  max-width: 50%;
  float: right;
  margin: 2.4rem 0;
}

.c8 hr {
  border: none;
  border-bottom: 0.1rem solid #DDDDDD;
}

.c8 ul,
.c8 ol {
  margin: 2.4rem 4.0rem;
}

.c8 .table {
  width: 100%;
  overflow: hidden;
  overflow-x: auto;
}

.c8 table {
  width: 100%;
  border-collapse: collapse;
  margin: 2.4rem 0;
}

.c8 table td,
.c8 table th {
  padding: 1.6rem;
  border: 0.1rem solid #DDDDDD;
}

.c8 blockquote {
  border-left: 0.5rem solid #dc143c;
  color: #AAAAAA;
  -webkit-filter: brightness(80%);
  filter: brightness(80%);
  padding-left: 2.4rem;
  font-style: italic;
  margin: 2.4rem;
}

.c0 {
  width: 100%;
  margin: 0 auto;
  padding: 0 3.2rem;
  max-width: 96rem;
}

.c7 {
  width: 100%;
  margin: 0 auto;
  padding: 0 3.2rem;
  max-width: 80rem;
}

@media (max-width:768px) {
  .c8 {
    font-size: 2rem;
  }

  .c8 .image-style-side {
    max-width: 100%;
    float: none;
    margin: 0;
  }
}

<div>
  <article
    class=""
  >
    <div
      class="c0"
    >
      <header
        class="c1"
      >
        <h1
          class="c2 c3"
        >
          Um por do sol
        </h1>
        <p
          class="c4"
        >
          Tudo é bonito quando é de longe fica melhor ainda
        </p>
        <img
          alt="Um por do sol"
          class="c5"
          src="https://res.cloudinary.com/dgakoaijx/image/upload/v1625254795/9f660f6d0d09d80f6cc039d275567deb_e51239b4d0.png"
        />
        <div
          class="c6"
        >
          <p>
            <span>
              Por 
            </span>
            <a
              href="/author/felipe-de-lima"
            >
              Felipe de Lima
            </a>
            <span
              class="separator"
            >
               | 
            </span>
            <time
              datetime="2021-07-02T19:40:44.611Z"
            >
              2 de jul. de 2021
            </time>
            <span
              class="separator"
            >
               | 
            </span>
            <span
              class="categories"
            >
              <span>
                <a
                  href="/category/react-js"
                >
                  ReactJS
                </a>
              </span>
            </span>
          </p>
        </div>
      </header>
    </div>
    <div
      class="c7"
    >
      <div
        class="c8"
      >
        <p>
          Cientistas internacionais desenvolveram uma 
          <a
            href="https://exame.com/noticias-sobre/inteligencia-artificial/"
          >
            <strong>
              rede neural
            </strong>
          </a>
           que pode detectar buracos coronais do
          <strong>
             
          </strong>
          <a
            href="https://exame.com/noticias-sobre/sol/"
          >
            <strong>
              Sol
            </strong>
          </a>
          , regiões mais frias e escuras da estrela, a partir de imagens coletadas por instrumentos de observação, como o Solar Dynamics Observatory (SDO).
        </p>
        <ul>
          <li>
            O mundo segue mudando. 
            <a
              href="https://academy.exame.com/?redacao_ciencia"
            >
              <strong>
                Siga em evolução com a EXAME Academy.
              </strong>
            </a>
          </li>
        </ul>
        <p>
          Publicado na revista 
          <a
            href="https://www.aanda.org/component/article?access=doi&doi=10.1051/0004-6361/202140640"
          >
            <i>
              Astronomy and Astrophysics
            </i>
          </a>
          , o estudo irá ajudar a melhorar previsões meteorológicas e entender mais sobre o ciclo de atividade solar. Cientistas poderiam prever com antecedência uma tempestade solar que pode afetar eletrônicos a bordo da Estação Espacial Internacional, por exemplo.
        </p>
        <p>
          A atmosfera solar externa, conhecida como coroa solar, é sempre monitorada por telescópios baseados em satélites, já que o Sol é muito ativo e pode apresentar erupções ou causar tempestades geomagnéticas na 
          <a
            href="https://exame.com/noticias-sobre/planeta-terra/"
          >
            <strong>
              Terra
            </strong>
          </a>
          .
        </p>
        <p>
          Uma das características sempre observadas pelos telescópios são os orifícios ou 
          <strong>
            buracos coronais
          </strong>
           da estrela, regiões escuras por conta de partículas de plasma que escapam pelo campo magnético da superfície solar para o espaço interplanetário, deixando um buraco preto.
        </p>
        <p>
           
        </p>
        <p>
          “A detecção de orifícios coronais é uma tarefa difícil para algoritmos convencionais e também desafiadora para observadores humanos, porque também existem outras regiões escuras na atmosfera solar, como filamentos, que podem ser facilmente confundidos com um orifício coronal”, disse Robert Jarolim, cientista e principal autor do estudo.
        </p>
      </div>
    </div>
  </article>
</div>
`;
