// Jest Snapshot v1, https://goo.gl/fbAQLP

exports[`<ArticleHeader /> should render 1`] = `
.c5 {
  font-size: 1.6rem;
  color: #AAAAAA;
  font-style: italic;
}

.c5 .categories span::after {
  content: ', ';
}

.c5 .categories span:last-child::after {
  content: '';
}

.c5 a {
  color: #dc143c;
  -webkit-text-decoration: none;
  text-decoration: none;
  -webkit-transition: all 300ms ease-in-out;
  transition: all 300ms ease-in-out;
}

.c5 a:hover {
  -webkit-filter: brightness(50%);
  filter: brightness(50%);
}

.c2 {
  color: #000000;
  font-size: 4.0rem;
  text-transform: none;
}

.c0 {
  padding-bottom: 4.0rem;
  margin-bottom: 4.0rem;
  border-bottom: 0.1rem solid #DDDDDD;
}

.c0 .c1 {
  margin: 0;
  margin-bottom: 2.4rem;
}

.c3 {
  margin: 2.4rem 0;
  font-size: 2.4rem;
}

.c4 {
  max-width: 100%;
  width: 100%;
  display: block;
  margin-bottom: 2.4rem;
}

<div>
  <header
    class="c0"
  >
    <h1
      class="c1 c2"
    >
      Um por do sol
    </h1>
    <p
      class="c3"
    >
      Tudo é bonito quando é de longe fica melhor ainda
    </p>
    <img
      alt="Um por do sol"
      class="c4"
      src="https://res.cloudinary.com/dgakoaijx/image/upload/v1625254795/9f660f6d0d09d80f6cc039d275567deb_e51239b4d0.png"
    />
    <div
      class="c5"
    >
      <p>
        <span>
          Por 
        </span>
        <a
          href="/author/felipe-de-lima"
        >
          Felipe de Lima
        </a>
        <span
          class="separator"
        >
           | 
        </span>
        <time
          datetime="2021-07-02T19:40:44.611Z"
        >
          2 de jul. de 2021
        </time>
        <span
          class="separator"
        >
           | 
        </span>
        <span
          class="categories"
        >
          <span>
            <a
              href="/category/react-js"
            >
              ReactJS
            </a>
          </span>
        </span>
      </p>
    </div>
  </header>
</div>
`;
